// Jest Snapshot v1, https://goo.gl/fbAQLP

exports[`should render empty expenses list 1`] = `
<div>
  <p>
    No expenses
  </p>
</div>
`;

exports[`should render expenses list 1`] = `
<div>
  <ExpenseListItem
    amount={195}
    createdAt={1135465200000}
    description="Gum"
    id="1"
    key="1"
    note=""
  />
  <ExpenseListItem
    amount={109500}
    createdAt={1135119600000}
    description="Rent"
    id="2"
    key="2"
    note=""
  />
  <ExpenseListItem
    amount={4500}
    createdAt={1135810800000}
    description="Credit card"
    id="3"
    key="3"
    note=""
  />
</div>
`;
