// Jest Snapshot v1, https://goo.gl/fbAQLP

exports[`should render header (enzyme snapshot) 1`] = `
<header>
  <h1>
    Expensify
  </h1>
  <NavLink
    activeClassName="is-active"
    exact={true}
    to="/"
  >
    Home page
  </NavLink>
  <NavLink
    activeClassName="is-active"
    to="/create"
  >
    Create expense
  </NavLink>
</header>
`;

exports[`should render header (snapshot) 1`] = `
<header>
  <h1>
    Expensify
  </h1>
  <NavLink
    activeClassName="is-active"
    exact={true}
    to="/"
  >
    Home page
  </NavLink>
  <NavLink
    activeClassName="is-active"
    to="/create"
  >
    Create expense
  </NavLink>
</header>
`;
