// Jest Snapshot v1, https://goo.gl/fbAQLP

exports[`should render loader 1`] = `
<div
  className="loader"
>
  <img
    alt="loading..."
    className="loader__image"
    src="/images/loader.gif"
  />
</div>
`;

exports[`should render login page 1`] = `
<div
  className="loader"
>
  <img
    alt="loading..."
    className="loader__image"
    src="/images/loader.gif"
  />
</div>
`;
