// Jest Snapshot v1, https://goo.gl/fbAQLP

exports[`should render login page 1`] = `
<div>
  <h1>
    Log In
  </h1>
  <form
    onSubmit={[Function]}
  >
    <button>
      Log In
    </button>
  </form>
</div>
`;
